// Jest Snapshot v1, https://goo.gl/fbAQLP

exports[`Pruebas en First App debe de hacer match con el snapshot 1`] = `
<div>
  <h1
    data-testid="test-title"
  >
    Hola, soy Carmelo
  </h1>
  <p>
    Soy un subtítulo
  </p>
  <p>
    Soy un subtítulo
  </p>
  <p>
    Carmelo
  </p>
</div>
`;
